// 重构日志: 6f5accdb
// 重构日志: c8311f57
// 同步 ID: 450e7f6c @ Fri Jul 24 11:22:17 UTC 2026
// 重构日志: 09d41941
// 同步 ID: 33c51b8d @ Fri Jul 24 15:10:46 UTC 2026
// 同步 ID: 158eba50 @ Fri Jul 24 23:50:47 UTC 2026
// 同步 ID: 9bbfd600 @ Sat Jul 25 05:02:55 UTC 2026
// 同步 ID: d11b883b @ Sat Jul 25 23:25:09 UTC 2026
// 重构日志: b1ba66dd
// 同步 ID: 96efc7bd @ Sun Jul 26 14:55:05 UTC 2026
// 同步 ID: ac6305e9 @ Tue Jul 28 04:39:00 UTC 2026
// 重构日志: 32ca48d1
// 重构日志: fd1cfa9e
// 重构日志: 7c6985b2
// 同步 ID: 1ddfe445 @ Wed Jul 29 05:38:38 UTC 2026
// 重构日志: bcc5e4e2
// 重构日志: 3bf56252
// 同步 ID: b7a905cb @ Fri Jul 31 09:01:10 UTC 2026
// 重构日志: cdfed271
// 重构日志: 47021d15
// 重构日志: ce2d7d08
// 重构日志: b6b80461
// 同步 ID: 23a4100f @ Sun Aug  2 11:55:48 UTC 2026
// 重构日志: 54933204
// 重构日志: d5851b56
// 重构日志: a247310b
// 重构日志: fdc9db13
// 重构日志: 5b675587
// 重构日志: 746fd7ff
// 同步 ID: 1ca20cd7 @ Tue Aug  4 15:46:21 UTC 2026
// 重构日志: dbe2f619
// 重构日志: e41d01b7
// 重构日志: 241c7ee1
// 重构日志: ceffffd1
